// Jest Snapshot v1, https://goo.gl/fbAQLP

exports[`PrefectureController Component Snapshot Test 1`] = `
<DocumentFragment>
  <div
    class="check-boxes-grid-container"
  >
    <label
      class="checkbox"
    >
      <input
        checked=""
        class="input"
        type="checkbox"
      />
      <span
        class="label"
      >
        北海道
      </span>
    </label>
    <label
      class="checkbox"
    >
      <input
        class="input"
        type="checkbox"
      />
      <span
        class="label"
      >
        青森県
      </span>
    </label>
    <label
      class="checkbox"
    >
      <input
        class="input"
        type="checkbox"
      />
      <span
        class="label"
      >
        岩手県
      </span>
    </label>
  </div>
</DocumentFragment>
`;
