// Jest Snapshot v1, https://goo.gl/fbAQLP

exports[`LayoutDisplayAndController Component Snapshot Test 1`] = `
<DocumentFragment>
  <div
    class="layout-display-and-controller"
  >
    <div
      class="controller"
    />
    <div
      class="display"
    />
  </div>
</DocumentFragment>
`;
