// Jest Snapshot v1, https://goo.gl/fbAQLP

exports[`Header Component Snapshot Test 1`] = `
<DocumentFragment>
  <div
    class="header"
  >
    <h1>
      Title
    </h1>
  </div>
</DocumentFragment>
`;
